// Jest Snapshot v1, https://goo.gl/fbAQLP

exports[`<Home /> Testeando el snapshot 1`] = `
<rctsafeareaview
  style="flex:1"
>
  <view
    accessibilityrole="button"
    accessibilitystate="[object Object]"
    focusable="true"
    style="opacity:1"
  >
    <view
      style="0:[object Object]"
    >
      <text
        style="0:[object Object]"
      >
        loadingData
      </text>
    </view>
  </view>
  <rctscrollview
    backgroundcolor="grey"
    data=""
    initialnumtorender="10"
    listemptycomponent="[object Object]"
    listheadercomponent="[object Object]"
    maxtorenderperbatch="10"
    refreshcontrol="[object Object]"
    scrolleventthrottle="50"
    stickyheaderindices=""
    updatecellsbatchingperiod="50"
    viewabilityconfigcallbackpairs=""
    windowsize="21"
  >
    <rctrefreshcontrol />
    <view>
      <view>
        <view>
          <text
            style="font-size:48px;text-align:center;color:white;background-color:black"
          >
            Lista de Pedidos
          </text>
        </view>
      </view>
      <view>
        <text>
          no hay items para desplegar
        </text>
      </view>
    </view>
  </rctscrollview>
  <view>
    <view
      style="flex:1;justify-content:center;align-items:center;margin-top:22px"
    >
      <modal
        animationtype="fade"
      >
        <view
          style="flex:1;justify-content:center;align-items:center;margin-top:22px"
        >
          <view
            style="margin:20px;background-color:white;border-radius:20px;padding:35px;shadow-color:#000;shadow-offset:[object Object];shadow-opacity:0.25px;shadow-radius:4px;elevation:5px"
          >
            <view>
              <text
                style="margin-top:8px;margin-bottom:4px"
              >
                Ingrese nombre
              </text>
              <textinput
                keyboardtype="default"
                style="color:#000;width:250px;height:40px;border-width:1px;border-radius:10px;padding:8px"
                underlinecolorandroid="transparent"
                value=""
              />
            </view>
            <view>
              <text
                style="margin-top:8px;margin-bottom:4px"
              >
                Ingrese rut
              </text>
              <textinput
                keyboardtype="default"
                style="color:#000;width:250px;height:40px;border-width:1px;border-radius:10px;padding:8px"
                underlinecolorandroid="transparent"
                value=""
              />
            </view>
            <view>
              <text
                style="margin-top:8px;margin-bottom:4px"
              >
                Ingrese edad
              </text>
              <textinput
                keyboardtype="numeric"
                style="color:#000;width:250px;height:40px;border-width:1px;border-radius:10px;padding:8px"
                underlinecolorandroid="transparent"
                value=""
              />
            </view>
            <view>
              <text
                style="margin-top:8px;margin-bottom:4px"
              >
                Ingrese telefono
              </text>
              <textinput
                keyboardtype="numeric"
                style="color:#000;width:250px;height:40px;border-width:1px;border-radius:10px;padding:8px"
                underlinecolorandroid="transparent"
                value=""
              />
            </view>
            <text
              style="margin-top:8px;margin-bottom:4px"
            >
              Seleccione sus pedidos
            </text>
            <view
              style="flex-direction:row"
            >
              <view
                style="margin-end:8px"
              >
                <view
                  style="flex-direction:row;margin-bottom:8px"
                >
                  <view
                    accessibilityrole="checkbox"
                    accessibilitystate="[object Object]"
                    focusable="true"
                    style="0:[object Object];2:;3:;5:"
                  />
                  <text
                    style="margin-left:8px"
                  >
                    completo
                  </text>
                </view>
                <view
                  style="flex-direction:row;margin-bottom:8px"
                >
                  <view
                    accessibilityrole="checkbox"
                    accessibilitystate="[object Object]"
                    focusable="true"
                    style="0:[object Object];2:;3:;5:"
                  />
                  <text
                    style="margin-left:8px"
                  >
                    hamburguesa
                  </text>
                </view>
              </view>
              <view>
                <view
                  style="flex-direction:row;margin-bottom:8px"
                >
                  <view
                    accessibilityrole="checkbox"
                    accessibilitystate="[object Object]"
                    focusable="true"
                    style="0:[object Object];2:;3:;5:"
                  />
                  <text
                    style="margin-left:8px"
                  >
                    jugo
                  </text>
                </view>
                <view
                  style="flex-direction:row;margin-bottom:8px"
                >
                  <view
                    accessibilityrole="checkbox"
                    accessibilitystate="[object Object]"
                    focusable="true"
                    style="0:[object Object];2:;3:;5:"
                  />
                  <text
                    style="margin-left:8px"
                  >
                    bebida
                  </text>
                </view>
              </view>
            </view>
            <view>
              <view
                style="margin-top:8px"
              >
                <view
                  accessibilityrole="button"
                  accessibilitystate="[object Object]"
                  focusable="true"
                  style="opacity:1"
                >
                  <view
                    style="0:[object Object]"
                  >
                    <text
                      style="0:[object Object]"
                    >
                      Fecha de entrega
                    </text>
                  </view>
                </view>
              </view>
            </view>
            <view>
              <text
                style="margin-top:16px"
              >
                Elija modo de entrega
              </text>
              <view
                style="border-width:1px;border-radius:10px"
              >
                <view>
                  <rncpicker
                    items="[object Object],[object Object]"
                    numberoflines="1"
                    selectedindex="0"
                    style="0:[object Object]"
                  />
                </view>
              </view>
            </view>
            <view
              style="flex-direction:row"
            >
              <view
                focusable="true"
                style="0:[object Object];1:[object Object]"
              >
                <text
                  style="color:white;text-align:center"
                >
                  Enviar Pedido
                </text>
              </view>
              <view
                focusable="true"
                style="0:[object Object];1:[object Object]"
              >
                <text
                  style="color:white;text-align:center"
                >
                  Volver
                </text>
              </view>
            </view>
          </view>
        </view>
      </modal>
      <view
        focusable="true"
        style="0:[object Object];1:[object Object]"
      >
        <text
          style="color:white;text-align:center"
        >
          Ingresar Pedido
        </text>
      </view>
    </view>
  </view>
  <view
    style="margin-bottom:36px"
  />
</rctsafeareaview>
`;
